INFO  [alembic.runtime.migration] Will assume non-transactional DDL.
migrations/env.py:101: SAWarning: Cannot correctly sort tables;
there are unresolvable cycles between tables "carts, users",
which is usually caused by mutually dependent foreign key constraints.
Foreign key constraints involving these tables will not be considered;
this warning may raise an error in a future release.
  context.run_migrations()




# Most recent migration:

(project) bash-3.2$ flask db migrate -m 'create migrations for user, shipping, inventory, product_images'
INFO  [alembic.runtime.migration] Context impl SQLiteImpl.
INFO  [alembic.runtime.migration] Will assume non-transactional DDL.
INFO  [alembic.autogenerate.compare] Detected added table 'inventories'
INFO  [alembic.autogenerate.compare] Detected added table 'product_images'
INFO  [alembic.autogenerate.compare] Detected added table 'carts'
INFO  [alembic.autogenerate.compare] Detected added table 'inventory_product_images'
INFO  [alembic.autogenerate.compare] Detected added table 'shippings'
INFO  [alembic.autogenerate.compare] Detected added column 'users.createdat'
INFO  [alembic.autogenerate.compare] Detected added column 'users.updatedat'
  Generating /Users/satori/iCloud Drive (Archive)/Desktop/AppAcademy/My_Cohort/Cap
  stone/sweetwafer/project/migrations/versions/20221221_121143_create_migrations_f
  or_user_shipping_.py ...  done













#####
(project) bash-3.2$ flask seed all
Traceback (most recent call last):
  File "/Users/satori/iCloud Drive (Archive)/Desktop/AppAcademy/My_Cohort/Capstone/sweetwafer/project/.venv/lib/python3.9/site-packages/sqlalchemy/orm/mapper.py", line 1986, in get_property
    return self._props[key]
KeyError: 'users'

The above exception was the direct cause of the following exception:

Traceback (most recent call last):
  File "/Users/satori/iCloud Drive (Archive)/Desktop/AppAcademy/My_Cohort/Capstone/sweetwafer/project/.venv/bin/flask", line 10, in <module>
    sys.exit(main())
  File "/Users/satori/iCloud Drive (Archive)/Desktop/AppAcademy/My_Cohort/Capstone/sweetwafer/project/.venv/lib/python3.9/site-packages/flask/cli.py", line 990, in main
    cli.main(args=sys.argv[1:])
  File "/Users/satori/iCloud Drive (Archive)/Desktop/AppAcademy/My_Cohort/Capstone/sweetwafer/project/.venv/lib/python3.9/site-packages/flask/cli.py", line 596, in main
    return super().main(*args, **kwargs)
  File "/Users/satori/iCloud Drive (Archive)/Desktop/AppAcademy/My_Cohort/Capstone/sweetwafer/project/.venv/lib/python3.9/site-packages/click/core.py", line 782, in main
    rv = self.invoke(ctx)
  File "/Users/satori/iCloud Drive (Archive)/Desktop/AppAcademy/My_Cohort/Capstone/sweetwafer/project/.venv/lib/python3.9/site-packages/click/core.py", line 1259, in invoke
    return _process_result(sub_ctx.command.invoke(sub_ctx))
  File "/Users/satori/iCloud Drive (Archive)/Desktop/AppAcademy/My_Cohort/Capstone/sweetwafer/project/.venv/lib/python3.9/site-packages/click/core.py", line 1259, in invoke
    return _process_result(sub_ctx.command.invoke(sub_ctx))
  File "/Users/satori/iCloud Drive (Archive)/Desktop/AppAcademy/My_Cohort/Capstone/sweetwafer/project/.venv/lib/python3.9/site-packages/click/core.py", line 1066, in invoke
    return ctx.invoke(self.callback, **ctx.params)
  File "/Users/satori/iCloud Drive (Archive)/Desktop/AppAcademy/My_Cohort/Capstone/sweetwafer/project/.venv/lib/python3.9/site-packages/click/core.py", line 610, in invoke
    return callback(*args, **kwargs)
  File "/Users/satori/iCloud Drive (Archive)/Desktop/AppAcademy/My_Cohort/Capstone/sweetwafer/project/.venv/lib/python3.9/site-packages/click/decorators.py", line 21, in new_func
    return f(get_current_context(), *args, **kwargs)
  File "/Users/satori/iCloud Drive (Archive)/Desktop/AppAcademy/My_Cohort/Capstone/sweetwafer/project/.venv/lib/python3.9/site-packages/flask/cli.py", line 440, in decorator
    return __ctx.invoke(f, *args, **kwargs)
  File "/Users/satori/iCloud Drive (Archive)/Desktop/AppAcademy/My_Cohort/Capstone/sweetwafer/project/.venv/lib/python3.9/site-packages/click/core.py", line 610, in invoke
    return callback(*args, **kwargs)
  File "/Users/satori/iCloud Drive (Archive)/Desktop/AppAcademy/My_Cohort/Capstone/sweetwafer/project/app/seeds/__init__.py", line 20, in seed
    seed_users()
  File "/Users/satori/iCloud Drive (Archive)/Desktop/AppAcademy/My_Cohort/Capstone/sweetwafer/project/app/seeds/users.py", line 7, in seed_users
    demo = User(
  File "<string>", line 4, in __init__
  File "/Users/satori/iCloud Drive (Archive)/Desktop/AppAcademy/My_Cohort/Capstone/sweetwafer/project/.venv/lib/python3.9/site-packages/sqlalchemy/orm/state.py", line 474, in _initialize_instance
    manager.dispatch.init(self, args, kwargs)
  File "/Users/satori/iCloud Drive (Archive)/Desktop/AppAcademy/My_Cohort/Capstone/sweetwafer/project/.venv/lib/python3.9/site-packages/sqlalchemy/event/attr.py", line 343, in __call__
    fn(*args, **kw)
  File "/Users/satori/iCloud Drive (Archive)/Desktop/AppAcademy/My_Cohort/Capstone/sweetwafer/project/.venv/lib/python3.9/site-packages/sqlalchemy/orm/mapper.py", line 3570, in _event_on_init
    instrumenting_mapper._check_configure()
  File "/Users/satori/iCloud Drive (Archive)/Desktop/AppAcademy/My_Cohort/Capstone/sweetwafer/project/.venv/lib/python3.9/site-packages/sqlalchemy/orm/mapper.py", line 1874, in _check_configure
    _configure_registries({self.registry}, cascade=True)
  File "/Users/satori/iCloud Drive (Archive)/Desktop/AppAcademy/My_Cohort/Capstone/sweetwafer/project/.venv/lib/python3.9/site-packages/sqlalchemy/orm/mapper.py", line 3385, in _configure_registries
    _do_configure_registries(registries, cascade)
  File "/Users/satori/iCloud Drive (Archive)/Desktop/AppAcademy/My_Cohort/Capstone/sweetwafer/project/.venv/lib/python3.9/site-packages/sqlalchemy/orm/mapper.py", line 3424, in _do_configure_registries
    mapper._post_configure_properties()
  File "/Users/satori/iCloud Drive (Archive)/Desktop/AppAcademy/My_Cohort/Capstone/sweetwafer/project/.venv/lib/python3.9/site-packages/sqlalchemy/orm/mapper.py", line 1891, in _post_configure_properties
    prop.init()
  File "/Users/satori/iCloud Drive (Archive)/Desktop/AppAcademy/My_Cohort/Capstone/sweetwafer/project/.venv/lib/python3.9/site-packages/sqlalchemy/orm/interfaces.py", line 222, in init
    self.do_init()
  File "/Users/satori/iCloud Drive (Archive)/Desktop/AppAcademy/My_Cohort/Capstone/sweetwafer/project/.venv/lib/python3.9/site-packages/sqlalchemy/orm/relationships.py", line 2142, in do_init
    self._generate_backref()
  File "/Users/satori/iCloud Drive (Archive)/Desktop/AppAcademy/My_Cohort/Capstone/sweetwafer/project/.venv/lib/python3.9/site-packages/sqlalchemy/orm/relationships.py", line 2478, in _generate_backref
    self._add_reverse_property(self.back_populates)
  File "/Users/satori/iCloud Drive (Archive)/Desktop/AppAcademy/My_Cohort/Capstone/sweetwafer/project/.venv/lib/python3.9/site-packages/sqlalchemy/orm/relationships.py", line 2048, in _add_reverse_property
    other = self.mapper.get_property(key, _configure_mappers=False)
  File "/Users/satori/iCloud Drive (Archive)/Desktop/AppAcademy/My_Cohort/Capstone/sweetwafer/project/.venv/lib/python3.9/site-packages/sqlalchemy/orm/mapper.py", line 1988, in get_property
    util.raise_(
  File "/Users/satori/iCloud Drive (Archive)/Desktop/AppAcademy/My_Cohort/Capstone/sweetwafer/project/.venv/lib/python3.9/site-packages/sqlalchemy/util/compat.py", line 207, in raise_
    raise exception
sqlalchemy.exc.InvalidRequestError: Mapper 'mapped class Cart->carts' has no property 'users'





# DELETE Shipping Errors:

127.0.0.1 - - [05/Jan/2023 08:44:34] "DELETE /api/shipping/delete HTTP/1.1" 200 -
2023-01-05 08:44:34,930 INFO sqlalchemy.engine.Engine BEGIN (implicit)
2023-01-05 08:44:34,931 INFO sqlalchemy.engine.Engine SELECT users.id AS users_id, users.username AS users_username, users.email AS users_email, users.hashed_password AS users_hashed_password, users.createdat AS users_createdat, users.updatedat AS users_updatedat
FROM users
WHERE users.id = ?
2023-01-05 08:44:34,931 INFO sqlalchemy.engine.Engine [cached since 99.28s ago] (1,)
CURRENT_USER:  1
2023-01-05 08:44:34,933 INFO sqlalchemy.engine.Engine SELECT users.id AS users_id, users.username AS users_username, users.email AS users_email, users.hashed_password AS users_hashed_password, users.createdat AS users_createdat, users.updatedat AS users_updatedat
FROM users
WHERE users.id = ?
 LIMIT ? OFFSET ?
2023-01-05 08:44:34,933 INFO sqlalchemy.engine.Engine [generated in 0.00027s] ('1', 1, 0)
2023-01-05 08:44:34,934 INFO sqlalchemy.engine.Engine SELECT carts.id AS carts_id, carts.user_id AS carts_user_id, carts.item_id AS carts_item_id, carts.quantity AS carts_quantity, carts.createdat AS carts_createdat, carts.updatedat AS carts_updatedat
FROM carts
WHERE ? = carts.user_id
2023-01-05 08:44:34,934 INFO sqlalchemy.engine.Engine [cached since 104s ago] (1,)
TEMP PRODUCT IMAGES:  []
FETCHED USER:  {'id': 1, 'username': 'Demo', 'email': 'demo@aa.io', 'createdat': '2023-01-05 08:42:41.846929', 'updatedat': '2023-01-05 08:42:41.846943', 'cart': []}
2023-01-05 08:44:34,936 INFO sqlalchemy.engine.Engine ROLLBACK
127.0.0.1 - - [05/Jan/2023 08:44:34] "GET /api/auth/ HTTP/1.1" 200 -







Warning: Cannot update a component (`SweetProvider`) while rendering a different component (`Header`). To locate the bad setState() call inside `Header`, follow the stack trace as described in


BELOW triggers when clicking the down QTY button when the qty is already 1...
index.js:1 Warning: You provided a `value` prop to a form field without an `onChange` handler. This will render a read-only field. If the field should be mutable use `defaultValue`. Otherwise, set either `onChange` or `readOnly`.
